// Jest Snapshot v1, https://goo.gl/fbAQLP

exports[`<SubHeader /> should match snapshot 1`] = `<Header />`;
