// Jest Snapshot v1, https://goo.gl/fbAQLP

exports[`<AppBody /> should render as expected 1`] = `
ShallowWrapper {
  Symbol(enzyme.__root__): [Circular],
  Symbol(enzyme.__unrendered__): <AppBody
    members={
      Array [
        Object {
          "avatar": null,
          "email": "abakera@craigslist.org",
          "firstName": "Amanda",
          "id": "73f30d93-f87b-45ea-bda5-60fa4b3716b5",
          "ip": "82.87.241.19",
          "lastName": "Baker",
          "messageCount": 3,
        },
      ]
    }
    messages={
      Array [
        Object {
          "avatar": "http://dummyimage.com/100x100.bmp/5fa2dd/ffffff",
          "email": "lowensm@earthlink.net",
          "fullName": "Larry Owens",
          "message": "Integer a nibh. In quis justo. Maecenas rhoncus aliquam lacus.",
          "messageId": "b03569ae-ccbf-4975-8040-4daba638b407",
          "timestamp": "2016-11-09T05:04:58Z",
          "userId": "16373df5-da0a-4074-8295-f916b94269f4",
        },
      ]
    }
  />,
  Symbol(enzyme.__renderer__): Object {
    "batchedUpdates": [Function],
    "getNode": [Function],
    "render": [Function],
    "simulateEvent": [Function],
    "unmount": [Function],
  },
  Symbol(enzyme.__node__): Object {
    "instance": null,
    "key": undefined,
    "nodeType": "class",
    "props": Object {
      "children": Array [
        <Styled(div)>
          <Message
            alignment="right"
            message={
              Object {
                "avatar": "http://dummyimage.com/100x100.bmp/5fa2dd/ffffff",
                "email": "lowensm@earthlink.net",
                "fullName": "Larry Owens",
                "message": "Integer a nibh. In quis justo. Maecenas rhoncus aliquam lacus.",
                "messageId": "b03569ae-ccbf-4975-8040-4daba638b407",
                "timestamp": "2016-11-09T05:04:58Z",
                "userId": "16373df5-da0a-4074-8295-f916b94269f4",
              }
            }
          />
        </Styled(div)>,
        <MembersArea
          activeMember={undefined}
          members={
            Array [
              Object {
                "avatar": null,
                "email": "abakera@craigslist.org",
                "firstName": "Amanda",
                "id": "73f30d93-f87b-45ea-bda5-60fa4b3716b5",
                "ip": "82.87.241.19",
                "lastName": "Baker",
                "messageCount": 3,
              },
            ]
          }
        />,
      ],
    },
    "ref": null,
    "rendered": Array [
      Object {
        "instance": null,
        "key": undefined,
        "nodeType": "class",
        "props": Object {
          "children": Array [
            <Message
              alignment="right"
              message={
                Object {
                  "avatar": "http://dummyimage.com/100x100.bmp/5fa2dd/ffffff",
                  "email": "lowensm@earthlink.net",
                  "fullName": "Larry Owens",
                  "message": "Integer a nibh. In quis justo. Maecenas rhoncus aliquam lacus.",
                  "messageId": "b03569ae-ccbf-4975-8040-4daba638b407",
                  "timestamp": "2016-11-09T05:04:58Z",
                  "userId": "16373df5-da0a-4074-8295-f916b94269f4",
                }
              }
            />,
          ],
        },
        "ref": null,
        "rendered": Array [
          Object {
            "instance": null,
            "key": "b03569ae-ccbf-4975-8040-4daba638b407",
            "nodeType": "function",
            "props": Object {
              "alignment": "right",
              "message": Object {
                "avatar": "http://dummyimage.com/100x100.bmp/5fa2dd/ffffff",
                "email": "lowensm@earthlink.net",
                "fullName": "Larry Owens",
                "message": "Integer a nibh. In quis justo. Maecenas rhoncus aliquam lacus.",
                "messageId": "b03569ae-ccbf-4975-8040-4daba638b407",
                "timestamp": "2016-11-09T05:04:58Z",
                "userId": "16373df5-da0a-4074-8295-f916b94269f4",
              },
            },
            "ref": null,
            "rendered": null,
            "type": [Function],
          },
        ],
        "type": [Function],
      },
      Object {
        "instance": null,
        "key": undefined,
        "nodeType": "function",
        "props": Object {
          "activeMember": undefined,
          "members": Array [
            Object {
              "avatar": null,
              "email": "abakera@craigslist.org",
              "firstName": "Amanda",
              "id": "73f30d93-f87b-45ea-bda5-60fa4b3716b5",
              "ip": "82.87.241.19",
              "lastName": "Baker",
              "messageCount": 3,
            },
          ],
        },
        "ref": null,
        "rendered": null,
        "type": [Function],
      },
    ],
    "type": [Function],
  },
  Symbol(enzyme.__nodes__): Array [
    Object {
      "instance": null,
      "key": undefined,
      "nodeType": "class",
      "props": Object {
        "children": Array [
          <Styled(div)>
            <Message
              alignment="right"
              message={
                Object {
                  "avatar": "http://dummyimage.com/100x100.bmp/5fa2dd/ffffff",
                  "email": "lowensm@earthlink.net",
                  "fullName": "Larry Owens",
                  "message": "Integer a nibh. In quis justo. Maecenas rhoncus aliquam lacus.",
                  "messageId": "b03569ae-ccbf-4975-8040-4daba638b407",
                  "timestamp": "2016-11-09T05:04:58Z",
                  "userId": "16373df5-da0a-4074-8295-f916b94269f4",
                }
              }
            />
          </Styled(div)>,
          <MembersArea
            activeMember={undefined}
            members={
              Array [
                Object {
                  "avatar": null,
                  "email": "abakera@craigslist.org",
                  "firstName": "Amanda",
                  "id": "73f30d93-f87b-45ea-bda5-60fa4b3716b5",
                  "ip": "82.87.241.19",
                  "lastName": "Baker",
                  "messageCount": 3,
                },
              ]
            }
          />,
        ],
      },
      "ref": null,
      "rendered": Array [
        Object {
          "instance": null,
          "key": undefined,
          "nodeType": "class",
          "props": Object {
            "children": Array [
              <Message
                alignment="right"
                message={
                  Object {
                    "avatar": "http://dummyimage.com/100x100.bmp/5fa2dd/ffffff",
                    "email": "lowensm@earthlink.net",
                    "fullName": "Larry Owens",
                    "message": "Integer a nibh. In quis justo. Maecenas rhoncus aliquam lacus.",
                    "messageId": "b03569ae-ccbf-4975-8040-4daba638b407",
                    "timestamp": "2016-11-09T05:04:58Z",
                    "userId": "16373df5-da0a-4074-8295-f916b94269f4",
                  }
                }
              />,
            ],
          },
          "ref": null,
          "rendered": Array [
            Object {
              "instance": null,
              "key": "b03569ae-ccbf-4975-8040-4daba638b407",
              "nodeType": "function",
              "props": Object {
                "alignment": "right",
                "message": Object {
                  "avatar": "http://dummyimage.com/100x100.bmp/5fa2dd/ffffff",
                  "email": "lowensm@earthlink.net",
                  "fullName": "Larry Owens",
                  "message": "Integer a nibh. In quis justo. Maecenas rhoncus aliquam lacus.",
                  "messageId": "b03569ae-ccbf-4975-8040-4daba638b407",
                  "timestamp": "2016-11-09T05:04:58Z",
                  "userId": "16373df5-da0a-4074-8295-f916b94269f4",
                },
              },
              "ref": null,
              "rendered": null,
              "type": [Function],
            },
          ],
          "type": [Function],
        },
        Object {
          "instance": null,
          "key": undefined,
          "nodeType": "function",
          "props": Object {
            "activeMember": undefined,
            "members": Array [
              Object {
                "avatar": null,
                "email": "abakera@craigslist.org",
                "firstName": "Amanda",
                "id": "73f30d93-f87b-45ea-bda5-60fa4b3716b5",
                "ip": "82.87.241.19",
                "lastName": "Baker",
                "messageCount": 3,
              },
            ],
          },
          "ref": null,
          "rendered": null,
          "type": [Function],
        },
      ],
      "type": [Function],
    },
  ],
  Symbol(enzyme.__options__): Object {
    "adapter": ReactFifteenAdapter {
      "options": Object {
        "lifecycles": Object {
          "componentDidUpdate": Object {
            "prevContext": true,
          },
        },
        "supportPrevContextArgumentOfComponentDidUpdate": true,
      },
    },
    "attachTo": undefined,
    "hydrateIn": undefined,
  },
}
`;
